HI-TECH Software PICC-18 Compiler V9.80 ()

Linker command line:

--edf=C:\Program Files (x86)\HI-TECH Software\PICC-18\9.80\dat\en_msgs.txt \
  -cs -h+fefe.sym -z -Q18F2550 -ol.obj -Mfefe.map -E1 -ver=PICC-18 \
  -ACODE=00h-07FFFh -ACONST=00h-07FFFh -ASMALLCONST=0800h-08FFhx120 \
  -AMEDIUMCONST=0800h-07FFFh -ACOMRAM=01h-05Fh -AABS1=00h-07FFh \
  -ABIGRAM=01h-07FFh -ARAM=060h-0FFh,0100h-01FFhx7 -ABANK0=060h-0FFh \
  -ABANK1=0100h-01FFh -ABANK2=0200h-02FFh -ABANK3=0300h-03FFh \
  -ABANK4=0400h-04FFh -ABANK5=0500h-05FFh -ABANK6=0600h-06FFh \
  -ABANK7=0700h-07FFh -ASFR=0F60h-0FFFh \
  -preset_vec=00h,intcode=08h,intcodelo=018h,powerup,init,end_init \
  -pramtop=0800h -psmallconst=SMALLCONST -pmediumconst=MEDIUMCONST \
  -pconst=CONST -AFARRAM=00h-00h -ACONFIG=0300000h-030000Dh -pconfig=CONFIG \
  -AIDLOC=0200000h-0200007h -pidloc=IDLOC -AEEDATA=0F00000h-0F000FFh \
  -peeprom_data=EEDATA \
  -prdata=COMRAM,nvrram=COMRAM,nvbit=COMRAM,rbss=COMRAM,rbit=COMRAM \
  -pfarbss=FARRAM,fardata=FARRAM \
  -pintsave_regs=BIGRAM,bigbss=BIGRAM,bigdata=BIGRAM -pbss=RAM \
  -pidata=CODE,irdata=CODE,ibigdata=CODE,ifardata=CODE \
  C:\Users\fgr\AppData\Local\Temp\s6jo.obj fefe.obj 

Object code version is 3.10

Machine type is 18F2550

Call graph: (short form)




                Name          Link     Load   Length Selector   Space       Scale
C:\Users\fgr\AppData\Local\Temp\s6jo.obj
                end_init        8C       8C        4       C     0
                reset_vec        0        0        4       0     0
                idloc       200000   200000        8  200000     0
                config      300000   300000        E  300000     0
fefe.obj        eeprom_da   F00000   F00000       18  F00000     0
                intcodelo       18       18       74       C     0
                intcode          8        8       10       4     0
                text37        13C4     13C4      228       C     0
                text36        256C     256C       44       C     0
                text35        1A4C     1A4C      124       C     0
                text34        1F90     1F90       A2       C     0
                intcode_b     22FE     22FE       7C       C     0
                text32        1D4C     1D4C       D2       C     0
                text31        15EC     15EC      17A       C     0
                text30        279C     279C       10    13CE     0
                text29        2524     2524       48       C     0
                text27        1B70     1B70       FA       C     0
                text26        20C8     20C8       92       C     0
                text25        1766     1766      174       C     0
                text24        2666     2666       3C       C     0
                text23        1C6A     1C6A       E2       C     0
                text22        262A     262A       3C       C     0
                text21        25EE     25EE       3C       C     0
                text20        2490     2490       4A       C     0
                text19        25B0     25B0       3E       C     0
                text18        26DA     26DA       2E       C     0
                text17        1EE0     1EE0       B0       C     0
                text16        26A2     26A2       38       C     0
                text15        275E     275E       1A       C     0
                text14        27AC     27AC        E    13CE     0
                text13        2032     2032       96       C     0
                text12        18DA     18DA      172       C     0
                text11        2442     2442       4E       C     0
                text10        1E1E     1E1E       C2       C     0
                text9         21E8     21E8       8C       C     0
                text8         237A     237A       76       C     0
                text7         215A     215A       8E       C     0
                text6         2734     2734       2A       C     0
                text5         2708     2708       2C       C     0
                text4         1146     1146      27E       C     0
                text3         2778     2778       12       C     0
                text2          EC6      EC6      280       C     0
                text1         23F0     23F0       52       C     0
                text0           90       90      E36       C     0
                cstackCOM        1        1       27       1     1
                cstackBAN       60       60       4D      60     1
                cstackBAN      14A      14A       41     100     1
                dataBANK1      100      100       4A     100     1
                bssBANK1       18B      18B       3D     100     1
                dataBANK0       C9       C9        5      60     1
                bssBANK0        AD       AD       1C      60     1
                dataCOMRA       3C       3C       11       1     1
                bssCOMRAM       28       28       14       1     1
                cinit         2274     2274       8A       C     0
                idataBANK     24DA     24DA       4A       C     0
                idataBANK     27BA     27BA        5    13CE     0
                idataCOMR     278A     278A       11       C     0

TOTAL           Name          Link     Load   Length     Space
        CLASS   CODE           
                end_init        8C       8C        4     0
                intcodelo       18       18       74     0
                intcode          8        8       10     0
                reset_vec        0        0        4     0
                text37        13C4     13C4      228     0
                text36        256C     256C       44     0
                text35        1A4C     1A4C      124     0
                text34        1F90     1F90       A2     0
                intcode_b     22FE     22FE       7C     0
                text32        1D4C     1D4C       D2     0
                text31        15EC     15EC      17A     0
                text30        279C     279C       10     0
                text29        2524     2524       48     0
                text27        1B70     1B70       FA     0
                text26        20C8     20C8       92     0
                text25        1766     1766      174     0
                text24        2666     2666       3C     0
                text23        1C6A     1C6A       E2     0
                text22        262A     262A       3C     0
                text21        25EE     25EE       3C     0
                text20        2490     2490       4A     0
                text19        25B0     25B0       3E     0
                text18        26DA     26DA       2E     0
                text17        1EE0     1EE0       B0     0
                text16        26A2     26A2       38     0
                text15        275E     275E       1A     0
                text14        27AC     27AC        E     0
                text13        2032     2032       96     0
                text12        18DA     18DA      172     0
                text11        2442     2442       4E     0
                text10        1E1E     1E1E       C2     0
                text9         21E8     21E8       8C     0
                text8         237A     237A       76     0
                text7         215A     215A       8E     0
                text6         2734     2734       2A     0
                text5         2708     2708       2C     0
                text4         1146     1146      27E     0
                text3         2778     2778       12     0
                text2          EC6      EC6      280     0
                text1         23F0     23F0       52     0
                text0           90       90      E36     0
                cinit         2274     2274       8A     0
                idataBANK     24DA     24DA       4A     0
                idataBANK     27BA     27BA        5     0
                idataCOMR     278A     278A       11     0

        CLASS   CONST          

        CLASS   SMALLCONST     

        CLASS   MEDIUMCONST    

        CLASS   COMRAM         
                cstackCOM        1        1       27     1
                dataCOMRA       3C       3C       11     1
                bssCOMRAM       28       28       14     1

        CLASS   ABS1           

        CLASS   BIGRAM         

        CLASS   RAM            

        CLASS   BANK0          
                cstackBAN       60       60       4D     1
                dataBANK0       C9       C9        5     1
                bssBANK0        AD       AD       1C     1

        CLASS   BANK1          
                cstackBAN      14A      14A       41     1
                dataBANK1      100      100       4A     1
                bssBANK1       18B      18B       3D     1

        CLASS   BANK2          

        CLASS   BANK3          

        CLASS   BANK4          

        CLASS   BANK5          

        CLASS   BANK6          

        CLASS   BANK7          

        CLASS   SFR            

        CLASS   FARRAM         

        CLASS   CONFIG         
                config      300000   300000        E     0

        CLASS   IDLOC          
                idloc       200000   200000        8     0

        CLASS   EEDATA         
                eeprom_da   F00000   F00000       18     0



SEGMENTS        Name            Load    Length   Top    Selector   Space  Class

                reset_vec       000000  000004  000004         0       0  CODE    
                cstackCOMRAM    000001  00004C  00004D         1       1  COMRAM  
                intcode         000008  000010  000018         4       0  CODE    
                intcodelo       000018  002783  00279B         C       0  CODE    
                cstackBANK0     000060  00006E  0000CE        60       1  BANK0   
                dataBANK1       000100  0000C8  0001C8       100       1  BANK1   
                text30          00279C  000023  0027BF      13CE       0  CODE    
                idloc           200000  000008  200008    200000       0  IDLOC   
                config          300000  00000E  30000E    300000       0  CONFIG  
                eeprom_data     F00000  000018  F00018    F00000       0  EEDATA  


UNUSED ADDRESS RANGES

        Name                Unused          Largest block    Delta
        BANK0            0000CE-0000FF               32
        BANK1            0001C8-0001FF               38
        BANK2            000200-0002FF              100
        BANK3            000300-0003FF              100
        BANK4            000400-0004FF              100
        BANK5            000500-0005FF              100
        BANK6            000600-0006FF              100
        BANK7            000700-0007FF              100
        BIGRAM           00004D-00005F               13
                         0000CE-0000FF               32
                         0001C8-0007FF              638
        CODE             000004-000007                4
                         00279B-00279B                1
                         0027BF-007FFF             5841
        COMRAM           00004D-00005F               13
        CONST            000004-000007                4
                         00279B-00279B                1
                         0027BF-007FFF             5841
        EEDATA           F00018-F000FF               E8
        MEDIUMCONST      00279B-00279B                1
                         0027BF-007FFF             5841
        RAM              0000CE-0000FF               32
                         0001C8-0007FF              100
        SFR              000F60-000FFF               A0
        SMALLCONST       00279B-00279B                1
                         0027BF-007FFF              100

                                  Symbol Table

??___asftadd                        cstackBANK0  000094
??___asftdiv                        cstackBANK0  000080
??___asftmul                        cstackBANK0  00007C
??___awtoft                         cstackBANK0  00006B
??___ftadd                          cstackBANK0  000083
??___ftdiv                          cstackBANK0  000072
??___ftmul                          cstackBANK0  00006E
??___ftpack                         cstackBANK0  000065
??___ftsub                          cstackBANK0  000091
??___fttol                          cstackBANK0  000064
??___lwdiv                          cstackBANK0  000064
??___lwmod                          cstackBANK0  000064
??_actionsTimeoutShowSetting        cstackBANK0  000060
??_adcDriver                        cstackBANK0  000060
??_adcSetup                         cstackBANK0  000060
??_char2pins                        cstackCOMRAM 000013
??_decVar                           cstackBANK0  00008B
??_ee_read_byte                     cstackBANK0  000060
??_ee_write_byte                    cstackBANK0  000061
??_endTestDisplayActions            cstackBANK0  000060
??_enterMenu                        cstackBANK0  000060
??_fgetc                            cstackCOMRAM 000015
??_fseek                            cstackCOMRAM 000019
??_getConv                          cstackBANK0  000062
??_iir                              cstackBANK0  000098
??_incVar                           cstackBANK0  00008B
??_isr                              cstackCOMRAM 00001A
??_isr2                             cstackCOMRAM 00000A
??_isr_adc                          cstackCOMRAM 000001
??_isr_timer0                       cstackCOMRAM 00001A
??_isr_timer3                       cstackCOMRAM 000008
??_main                             cstackBANK0  0000AB
??_pulsPinDriver                    cstackCOMRAM 000001
??_pulsPinInit                      cstackBANK0  000060
??_systemInit                       cstackBANK0  000060
??_timerDriver                      cstackBANK0  000060
??_uintToStr                        cstackBANK0  00006B
??i1_timerDriver                    cstackCOMRAM 000001
?___asftadd                         cstackBANK0  000091
?___asftdiv                         cstackBANK0  00007D
?___asftmul                         cstackBANK0  000079
?___awtoft                          cstackBANK0  000068
?___ftadd                           cstackBANK0  00007D
?___ftdiv                           cstackBANK0  00006C
?___ftmul                           cstackBANK0  000068
?___ftpack                          cstackBANK0  000060
?___ftsub                           cstackBANK0  00008B
?___fttol                           cstackBANK0  000060
?___lwdiv                           cstackBANK0  000060
?___lwmod                           cstackBANK0  000060
?_actionsTimeoutShowSetting         cstackCOMRAM 000001
?_adcDriver                         cstackCOMRAM 000001
?_adcSetup                          cstackCOMRAM 000001
?_char2pins                         cstackCOMRAM 000001
?_decVar                            cstackCOMRAM 000001
?_ee_read_byte                      cstackCOMRAM 000001
?_ee_write_byte                     cstackBANK0  000060
?_endTestDisplayActions             cstackCOMRAM 000001
?_enterMenu                         cstackCOMRAM 000001
?_fgetc                             cstackCOMRAM 000013
?_fseek                             cstackCOMRAM 000013
?_getConv                           cstackBANK0  000060
?_iir                               cstackBANK0  000095
?_incVar                            cstackCOMRAM 000001
?_isr                               cstackCOMRAM 000001
?_isr2                              cstackCOMRAM 000001
?_isr_adc                           cstackCOMRAM 000001
?_isr_timer0                        cstackCOMRAM 000001
?_isr_timer3                        cstackCOMRAM 000001
?_main                              cstackCOMRAM 000001
?_pulsPinDriver                     cstackCOMRAM 000001
?_pulsPinInit                       cstackCOMRAM 000001
?_systemInit                        cstackCOMRAM 000001
?_timerDriver                       cstackCOMRAM 000001
?_uintToStr                         cstackBANK0  000067
?i1_timerDriver                     cstackCOMRAM 000001
_ADCON0bits                         (abs)        000FC2
_ADCON1bits                         (abs)        000FC1
_ADCON2bits                         (abs)        000FC0
_ADFM                               (abs)        007E07
_ADRES                              (abs)        000FC3
_EEADR                              (abs)        000FA9
_EECON1bits                         (abs)        000FA6
_EECON2                             (abs)        000FA7
_EEDATA                             (abs)        000FA8
_INTCON2bits                        (abs)        000FF1
_INTCONbits                         (abs)        000FF2
_IPR1bits                           (abs)        000F9F
_IPR2bits                           (abs)        000FA2
_OSCCONbits                         (abs)        000FD3
_PIE1bits                           (abs)        000F9D
_PIE2bits                           (abs)        000FA0
_PIR1bits                           (abs)        000F9E
_PIR2bits                           (abs)        000FA1
_PORTAbits                          (abs)        000F80
_PORTBbits                          (abs)        000F81
_PORTC                              (abs)        000F82
_PORTCbits                          (abs)        000F82
_RCONbits                           (abs)        000FD0
_T0CONbits                          (abs)        000FD5
_T3CONbits                          (abs)        000FB1
_TMR0                               (abs)        000FD6
_TMR3                               (abs)        000FB2
_TRISA0                             (abs)        007C90
_TRISA1                             (abs)        007C91
_TRISA2                             (abs)        007C92
_TRISA3                             (abs)        007C93
_TRISA4                             (abs)        007C94
_TRISA5                             (abs)        007C95
_TRISB1                             (abs)        007C99
_TRISB2                             (abs)        007C9A
_TRISB3                             (abs)        007C9B
_TRISB4                             (abs)        007C9C
_TRISB5                             (abs)        007C9D
_TRISB6                             (abs)        007C9E
_TRISB7                             (abs)        007C9F
_TRISC6                             (abs)        007CA6
_UCFGbits                           (abs)        000F6F
__CFG_BOR$ON                        (abs)        000000
__CFG_BORV$1                        (abs)        000000
__CFG_CP0$ON                        (abs)        000000
__CFG_CP1$ON                        (abs)        000000
__CFG_CP2$ON                        (abs)        000000
__CFG_CP3$ON                        (abs)        000000
__CFG_CPB$ON                        (abs)        000000
__CFG_CPD$ON                        (abs)        000000
__CFG_CPUDIV$OSC1_PLL2              (abs)        000000
__CFG_DEBUG$OFF                     (abs)        000000
__CFG_EBTR0$OFF                     (abs)        000000
__CFG_EBTR1$OFF                     (abs)        000000
__CFG_EBTR2$OFF                     (abs)        000000
__CFG_EBTR3$OFF                     (abs)        000000
__CFG_EBTRB$OFF                     (abs)        000000
__CFG_FOSC$HSPLL_HS                 (abs)        000000
__CFG_IDLOC0$                       (abs)        000000
__CFG_IDLOC1$                       (abs)        000000
__CFG_IDLOC2$                       (abs)        000000
__CFG_IDLOC3$                       (abs)        000000
__CFG_IDLOC4$                       (abs)        000000
__CFG_IDLOC5$                       (abs)        000000
__CFG_IDLOC6$                       (abs)        000000
__CFG_IDLOC7$                       (abs)        000000
__CFG_LPT1OSC$OFF                   (abs)        000000
__CFG_LVP$OFF                       (abs)        000000
__CFG_MCLRE$OFF                     (abs)        000000
__CFG_PBADEN$OFF                    (abs)        000000
__CFG_PLLDIV$5                      (abs)        000000
__CFG_PWRT$ON                       (abs)        000000
__CFG_STVREN$OFF                    (abs)        000000
__CFG_WDT$OFF                       (abs)        000000
__CFG_WRT0$ON                       (abs)        000000
__CFG_WRT1$ON                       (abs)        000000
__CFG_WRT2$ON                       (abs)        000000
__CFG_WRT3$ON                       (abs)        000000
__CFG_WRTB$ON                       (abs)        000000
__CFG_WRTC$ON                       (abs)        000000
__HRAM                              (abs)        000000
__Habs1                             abs1         000000
__Hbank0                            bank0        000000
__Hbank1                            bank1        000000
__Hbank2                            bank2        000000
__Hbank3                            bank3        000000
__Hbank4                            bank4        000000
__Hbank5                            bank5        000000
__Hbank6                            bank6        000000
__Hbank7                            bank7        000000
__Hbigbss                           bigbss       000000
__Hbigdata                          bigdata      000000
__Hbigram                           bigram       000000
__Hbss                              bss          000000
__HbssBANK0                         bssBANK0     000000
__HbssBANK1                         bssBANK1     000000
__HbssCOMRAM                        bssCOMRAM    000000
__Hcinit                            cinit        000000
__Hclrtext                          clrtext      000000
__Hcomram                           comram       000000
__Hconfig                           config       30000E
__Hconst                            const        000000
__HcstackBANK0                      cstackBANK0  000000
__HcstackBANK1                      cstackBANK1  000000
__HcstackCOMRAM                     cstackCOMRAM 000000
__Hdata                             data         000000
__HdataBANK0                        dataBANK0    000000
__HdataBANK1                        dataBANK1    000000
__HdataCOMRAM                       dataCOMRAM   000000
__Heeprom_data                      eeprom_data  F00018
__Hend_init                         end_init     000090
__Hfarbss                           farbss       000000
__Hfardata                          fardata      000000
__Hibigdata                         ibigdata     000000
__Hidata                            idata        000000
__HidataBANK0                       idataBANK0   000000
__HidataBANK1                       idataBANK1   000000
__HidataCOMRAM                      idataCOMRAM  000000
__Hidloc                            idloc        200008
__Hifardata                         ifardata     000000
__Hinit                             init         00008C
__Hintcode                          intcode      000018
__Hintcode_body                     intcode_body 000000
__Hintcodelo                        intcodelo    00008C
__Hintentry                         intentry     000000
__Hintret                           intret       000000
__Hintsave_regs                     intsave_regs 000000
__Hirdata                           irdata       000000
__Hmediumconst                      mediumconst  000000
__Hnvbit                            nvbit        000000
__Hnvrram                           nvrram       000000
__Hpa_nodes                         pa_nodes     000000
__Hparam                            rparam       000000
__Hpowerup                          powerup      00008C
__Hram                              ram          000000
__Hramtop                           ramtop       000800
__Hrbit                             rbit         000000
__Hrbss                             rbss         000000
__Hrdata                            rdata        000000
__Hreset_vec                        reset_vec    000004
__Hrparam                           rparam       000000
__Hsfr                              sfr          000000
__Hsmallconst                       smallconst   000000
__Hstruct                           struct       000000
__Htemp                             temp         000000
__Htext                             text         000000
__Htext0                            text0        000000
__Htext1                            text1        000000
__Htext10                           text10       000000
__Htext11                           text11       000000
__Htext12                           text12       000000
__Htext13                           text13       000000
__Htext14                           text14       000000
__Htext15                           text15       000000
__Htext16                           text16       000000
__Htext17                           text17       000000
__Htext18                           text18       000000
__Htext19                           text19       000000
__Htext2                            text2        000000
__Htext20                           text20       000000
__Htext21                           text21       000000
__Htext22                           text22       000000
__Htext23                           text23       000000
__Htext24                           text24       000000
__Htext25                           text25       000000
__Htext26                           text26       000000
__Htext27                           text27       000000
__Htext29                           text29       000000
__Htext3                            text3        000000
__Htext30                           text30       000000
__Htext31                           text31       000000
__Htext32                           text32       000000
__Htext34                           text34       000000
__Htext35                           text35       000000
__Htext36                           text36       000000
__Htext37                           text37       000000
__Htext38                           text38       000000
__Htext4                            text4        000000
__Htext5                            text5        000000
__Htext6                            text6        000000
__Htext7                            text7        000000
__Htext8                            text8        000000
__Htext9                            text9        000000
__LRAM                              (abs)        000001
__Labs1                             abs1         000000
__Lbank0                            bank0        000000
__Lbank1                            bank1        000000
__Lbank2                            bank2        000000
__Lbank3                            bank3        000000
__Lbank4                            bank4        000000
__Lbank5                            bank5        000000
__Lbank6                            bank6        000000
__Lbank7                            bank7        000000
__Lbigbss                           bigbss       000000
__Lbigdata                          bigdata      000000
__Lbigram                           bigram       000000
__Lbss                              bss          000000
__LbssBANK0                         bssBANK0     000000
__LbssBANK1                         bssBANK1     000000
__LbssCOMRAM                        bssCOMRAM    000000
__Lcinit                            cinit        000000
__Lclrtext                          clrtext      000000
__Lcomram                           comram       000000
__Lconfig                           config       300000
__Lconst                            const        000000
__LcstackBANK0                      cstackBANK0  000000
__LcstackBANK1                      cstackBANK1  000000
__LcstackCOMRAM                     cstackCOMRAM 000000
__Ldata                             data         000000
__LdataBANK0                        dataBANK0    000000
__LdataBANK1                        dataBANK1    000000
__LdataCOMRAM                       dataCOMRAM   000000
__Leeprom_data                      eeprom_data  F00000
__Lend_init                         end_init     00008C
__Lfarbss                           farbss       000000
__Lfardata                          fardata      000000
__Libigdata                         ibigdata     000000
__Lidata                            idata        000000
__LidataBANK0                       idataBANK0   000000
__LidataBANK1                       idataBANK1   000000
__LidataCOMRAM                      idataCOMRAM  000000
__Lidloc                            idloc        200000
__Lifardata                         ifardata     000000
__Linit                             init         00008C
__Lintcode                          intcode      000008
__Lintcode_body                     intcode_body 000000
__Lintcodelo                        intcodelo    000018
__Lintentry                         intentry     000000
__Lintret                           intret       000000
__Lintsave_regs                     intsave_regs 000000
__Lirdata                           irdata       000000
__Lmediumconst                      mediumconst  000000
__Lnvbit                            nvbit        000000
__Lnvrram                           nvrram       000000
__Lpa_nodes                         pa_nodes     000000
__Lparam                            rparam       000000
__Lpowerup                          powerup      00008C
__Lram                              ram          000000
__Lramtop                           ramtop       000800
__Lrbit                             rbit         000000
__Lrbss                             rbss         000000
__Lrdata                            rdata        000000
__Lreset_vec                        reset_vec    000000
__Lrparam                           rparam       000000
__Lsfr                              sfr          000000
__Lsmallconst                       smallconst   000000
__Lstruct                           struct       000000
__Ltemp                             temp         000000
__Ltext                             text         000000
__Ltext0                            text0        000000
__Ltext1                            text1        000000
__Ltext10                           text10       000000
__Ltext11                           text11       000000
__Ltext12                           text12       000000
__Ltext13                           text13       000000
__Ltext14                           text14       000000
__Ltext15                           text15       000000
__Ltext16                           text16       000000
__Ltext17                           text17       000000
__Ltext18                           text18       000000
__Ltext19                           text19       000000
__Ltext2                            text2        000000
__Ltext20                           text20       000000
__Ltext21                           text21       000000
__Ltext22                           text22       000000
__Ltext23                           text23       000000
__Ltext24                           text24       000000
__Ltext25                           text25       000000
__Ltext26                           text26       000000
__Ltext27                           text27       000000
__Ltext29                           text29       000000
__Ltext3                            text3        000000
__Ltext30                           text30       000000
__Ltext31                           text31       000000
__Ltext32                           text32       000000
__Ltext34                           text34       000000
__Ltext35                           text35       000000
__Ltext36                           text36       000000
__Ltext37                           text37       000000
__Ltext38                           text38       000000
__Ltext4                            text4        000000
__Ltext5                            text5        000000
__Ltext6                            text6        000000
__Ltext7                            text7        000000
__Ltext8                            text8        000000
__Ltext9                            text9        000000
__S0                                (abs)        F00018
__S1                                (abs)        0001C8
___asftadd                          text21       0025EE
___asftadd@f1p                      cstackBANK0  000094
___asftadd@f2                       cstackBANK0  000091
___asftdiv                          text22       00262A
___asftdiv@f1p                      cstackBANK0  000080
___asftdiv@f2                       cstackBANK0  00007D
___asftmul                          text24       002666
___asftmul@f1p                      cstackBANK0  00007C
___asftmul@f2                       cstackBANK0  000079
___awtoft                           text16       0026A2
___awtoft@c                         cstackBANK0  000068
___awtoft@sign                      cstackBANK0  00006B
___ftadd                            text25       001766
___ftadd@exp1                       cstackBANK0  00008A
___ftadd@exp2                       cstackBANK0  000089
___ftadd@f1                         cstackBANK0  00007D
___ftadd@f2                         cstackBANK0  000080
___ftadd@sign                       cstackBANK0  000088
___ftdiv                            text23       001C6A
___ftdiv@cntr                       cstackBANK0  000077
___ftdiv@exp                        cstackBANK0  00007B
___ftdiv@f1                         cstackBANK0  00006C
___ftdiv@f2                         cstackBANK0  00006F
___ftdiv@f3                         cstackBANK0  000078
___ftdiv@sign                       cstackBANK0  00007C
___ftmul                            text27       001B70
___ftmul@cntr                       cstackBANK0  000077
___ftmul@exp                        cstackBANK0  000073
___ftmul@f1                         cstackBANK0  000068
___ftmul@f2                         cstackBANK0  00006B
___ftmul@f3_as_product              cstackBANK0  000074
___ftmul@sign                       cstackBANK0  000078
___ftpack                           text26       0020C8
___ftpack@arg                       cstackBANK0  000060
___ftpack@exp                       cstackBANK0  000063
___ftpack@sign                      cstackBANK0  000064
___ftsub                            text18       0026DA
___ftsub@f1                         cstackBANK0  00008B
___ftsub@f2                         cstackBANK0  00008E
___fttol                            text17       001EE0
___fttol@exp1                       cstackBANK0  00006E
___fttol@f1                         cstackBANK0  000060
___fttol@lval                       cstackBANK0  00006A
___fttol@sign1                      cstackBANK0  000069
___lwdiv                            text20       002490
___lwdiv@counter                    cstackBANK0  000064
___lwdiv@dividend                   cstackBANK0  000060
___lwdiv@divisor                    cstackBANK0  000062
___lwdiv@quotient                   cstackBANK0  000065
___lwmod                            text19       0025B0
___lwmod@counter                    cstackBANK0  000064
___lwmod@dividend                   cstackBANK0  000060
___lwmod@divisor                    cstackBANK0  000062
__accesstop                         (abs)        000060
__activetblptr                      (abs)        000000
__end_of___asftadd                  text21       00262A
__end_of___asftdiv                  text22       002666
__end_of___asftmul                  text24       0026A2
__end_of___awtoft                   text16       0026DA
__end_of___ftadd                    text25       0018C2
__end_of___ftdiv                    text23       001D42
__end_of___ftmul                    text27       001C54
__end_of___ftpack                   text26       002150
__end_of___ftsub                    text18       002708
__end_of___fttol                    text17       001F6C
__end_of___lwdiv                    text20       0024DA
__end_of___lwmod                    text19       0025EE
__end_of_actionsTimeoutShowSetting  text7        0021E8
__end_of_adcDriver                  text13       0020C8
__end_of_adcSetup                   text15       002778
__end_of_char2pins                  text37       00156E
__end_of_decVar                     text4        0013A4
__end_of_ee_read_byte               text3        00278A
__end_of_ee_write_byte              text5        002734
__end_of_endTestDisplayActions      text6        00275E
__end_of_enterMenu                  text1        002442
__end_of_fgetc                      text36       0025B0
__end_of_fseek                      text35       001AF2
__end_of_getConv                    text14       0027BA
__end_of_iir                        text12       001A38
__end_of_incVar                     text2        00113C
__end_of_isr                        intcode_body 00237A
__end_of_isr2                       intcodelo    00008C
__end_of_isr_adc                    text30       0027AC
__end_of_isr_timer0                 text34       002032
__end_of_isr_timer3                 text29       00256C
__end_of_main                       text1        0023F0
__end_of_pulsPinDriver              text31       001716
__end_of_pulsPinInit                text9        002266
__end_of_systemInit                 text8        0023F0
__end_of_timerDriver                text10       001EC6
__end_of_uintToStr                  text11       002490
__end_ofi1_timerDriver              text32       001DF6
__mediumconst                       mediumconst  000000
__pbssBANK0                         bssBANK0     0000AD
__pbssBANK1                         bssBANK1     00018B
__pbssCOMRAM                        bssCOMRAM    000028
__pcinit                            cinit        002274
__pcstackBANK0                      cstackBANK0  000060
__pcstackBANK1                      cstackBANK1  00014A
__pcstackCOMRAM                     cstackCOMRAM 000001
__pdataBANK0                        dataBANK0    0000C9
__pdataBANK1                        dataBANK1    000100
__pdataCOMRAM                       dataCOMRAM   00003C
__pidataBANK0                       idataBANK0   0027BA
__pidataBANK1                       idataBANK1   0024DA
__pidataCOMRAM                      idataCOMRAM  00278A
__pintcode                          intcode      000008
__pintcode_body                     intcode_body 0022FE
__pintcodelo                        intcodelo    000018
__ptext0                            text0        000090
__ptext1                            text1        0023F0
__ptext10                           text10       001E1E
__ptext11                           text11       002442
__ptext12                           text12       0018DA
__ptext13                           text13       002032
__ptext14                           text14       0027AC
__ptext15                           text15       00275E
__ptext16                           text16       0026A2
__ptext17                           text17       001EE0
__ptext18                           text18       0026DA
__ptext19                           text19       0025B0
__ptext2                            text2        000EC6
__ptext20                           text20       002490
__ptext21                           text21       0025EE
__ptext22                           text22       00262A
__ptext23                           text23       001C6A
__ptext24                           text24       002666
__ptext25                           text25       001766
__ptext26                           text26       0020C8
__ptext27                           text27       001B70
__ptext29                           text29       002524
__ptext3                            text3        002778
__ptext30                           text30       00279C
__ptext31                           text31       0015EC
__ptext32                           text32       001D4C
__ptext34                           text34       001F90
__ptext35                           text35       001A4C
__ptext36                           text36       00256C
__ptext37                           text37       0013C4
__ptext38                           text38       000000
__ptext4                            text4        001146
__ptext5                            text5        002708
__ptext6                            text6        002734
__ptext7                            text7        00215A
__ptext8                            text8        00237A
__ptext9                            text9        0021E8
__ramtop                            ramtop       000800
__size_of___asftadd                 (abs)        000000
__size_of___asftdiv                 (abs)        000000
__size_of___asftmul                 (abs)        000000
__size_of___awtoft                  (abs)        000000
__size_of___ftadd                   (abs)        000000
__size_of___ftdiv                   (abs)        000000
__size_of___ftmul                   (abs)        000000
__size_of___ftpack                  (abs)        000000
__size_of___ftsub                   (abs)        000000
__size_of___fttol                   (abs)        000000
__size_of___lwdiv                   (abs)        000000
__size_of___lwmod                   (abs)        000000
__size_of_actionsTimeoutShowSetting (abs)        000000
__size_of_adcDriver                 (abs)        000000
__size_of_adcSetup                  (abs)        000000
__size_of_char2pins                 (abs)        000000
__size_of_decVar                    (abs)        000000
__size_of_ee_read_byte              (abs)        000000
__size_of_ee_write_byte             (abs)        000000
__size_of_endTestDisplayActions     (abs)        000000
__size_of_enterMenu                 (abs)        000000
__size_of_fgetc                     (abs)        000000
__size_of_fseek                     (abs)        000000
__size_of_getConv                   (abs)        000000
__size_of_iir                       (abs)        000000
__size_of_incVar                    (abs)        000000
__size_of_isr                       (abs)        000000
__size_of_isr2                      (abs)        000000
__size_of_isr_adc                   (abs)        000000
__size_of_isr_timer0                (abs)        000000
__size_of_isr_timer3                (abs)        000000
__size_of_main                      (abs)        000000
__size_of_pulsPinDriver             (abs)        000000
__size_of_pulsPinInit               (abs)        000000
__size_of_systemInit                (abs)        000000
__size_of_timerDriver               (abs)        000000
__size_of_uintToStr                 (abs)        000000
__size_ofi1_timerDriver             (abs)        000000
__smallconst                        smallconst   000000
_actionsTimeoutShowSetting          text7        00215A
_actionsTimeoutShowSetting$438      cstackBANK0  000060
_adcDriver                          text13       002032
_adcSetup                           text15       00275E
_adcStruct                          bssBANK0     0000AD
_advModeMem                         bssCOMRAM    000038
_brilloMem                          bssCOMRAM    000039
_brilloToff                         dataBANK1    000139
_brilloTon                          dataBANK1    00013E
_char2pins                          text37       0013C4
_decVar                             text4        001146
_display                            bssBANK0     0000B5
_eLoMem                             bssCOMRAM    000028
_eUpMem                             bssCOMRAM    00002A
_ee_read_byte                       text3        002778
_ee_write_byte                      text5        002708
_endTestDisplayActions              text6        002734
_enterMenu                          text1        0023F0
_escDecMem                          bssCOMRAM    00002C
_escEntMem                          bssCOMRAM    00002E
_escala                             bssBANK0     0000B2
_fgetc                              text36       00256C
_fseek                              text35       001A4C
_getConv                            text14       0027AC
_ignoreNextFp                       bssBANK0     0000BB
_iir                                text12       0018DA
_incVar                             text2        000EC6
_isr                                intcode      000008
_isr2                               intcodelo    000018
_isr_adc                            text30       00279C
_isr_timer0                         text34       001F90
_isr_timer3                         text29       002524
_isr_timer3$1607                    cstackCOMRAM 000008
_main                               text0        000090
_main$2642                          cstackBANK1  00014A
_main$441                           cstackBANK1  00014D
_main$442                           cstackBANK1  00014F
_main$443                           cstackBANK1  000151
_main$444                           cstackBANK1  000153
_main$445                           cstackBANK1  000155
_main$446                           cstackBANK1  000157
_main$447                           cstackBANK1  000159
_main$448                           cstackBANK1  00015B
_main$449                           cstackBANK1  00015D
_main$450                           cstackBANK1  00015F
_main$451                           cstackBANK1  000161
_main$452                           cstackBANK1  000163
_main$453                           cstackBANK1  000165
_main$454                           cstackBANK1  000167
_main$455                           cstackBANK1  000169
_main$456                           cstackBANK1  00016B
_main$457                           cstackBANK1  00016D
_main$458                           cstackBANK1  00016F
_main$459                           cstackBANK1  000171
_main$460                           cstackBANK1  000173
_main$461                           cstackBANK1  000175
_main$462                           cstackBANK1  000177
_main$463                           cstackBANK1  000179
_main$464                           cstackBANK1  00017B
_main$465                           cstackBANK1  00017D
_main$466                           cstackBANK1  00017F
_main$467                           cstackBANK1  000181
_main$468                           cstackBANK1  000183
_main$469                           cstackBANK1  000185
_main$470                           cstackBANK1  000187
_main$471                           cstackBANK1  000189
_measurement                        bssBANK0     0000B7
_medicionFloat                      bssBANK0     0000C6
_muxBuffer                          dataBANK0    0000C9
_muxFile                            dataBANK1    000143
_pulsPin                            dataCOMRAM   00003D
_pulsPinBuffer                      bssBANK0     0000BC
_pulsPinDriver                      text31       0015EC
_pulsPinInit                        text9        0021E8
_segments                           bssBANK0     0000B9
_setInc                             dataCOMRAM   00003C
_state                              bssCOMRAM    00003A
_systemInit                         text8        00237A
_tOnFlag                            bssCOMRAM    00003B
_timerDelayConstant                 dataBANK1    000100
_timerDriver                        text10       001E1E
_timerMem                           bssBANK1     00018B
_uintToStr                          text11       002442
_vLoMem                             bssCOMRAM    000030
_vUpMem                             bssCOMRAM    000032
_x                                  bssBANK1     0001BF
_xLoMem                             bssCOMRAM    000034
_xUpMem                             bssCOMRAM    000036
_y                                  bssBANK0     0000BD
adcDriver@ch2Cnv                    cstackBANK0  000068
char2pins@c                         cstackCOMRAM 000013
ee_read_byte@address                cstackBANK0  000060
ee_write_byte@_data                 cstackBANK0  000060
ee_write_byte@address               cstackBANK0  000061
end_of_initialization               cinit        0022F8
fgetc@stream                        cstackCOMRAM 000013
fseek@fp                            cstackCOMRAM 000013
fseek@mode                          cstackCOMRAM 000017
fseek@offset                        cstackCOMRAM 000015
i1_timerDriver                      text32       001D4C
i1timerDriver@i                     cstackCOMRAM 000004
iir@ACoef                           cstackBANK0  000098
iir@BCoef                           cstackBANK0  0000A1
iir@F4235                           dataBANK1    000127
iir@F4237                           dataBANK1    000130
iir@NewSample                       cstackBANK0  000095
iir@n                               cstackBANK0  0000AA
int_func                            intcode_body 0022FE
intlevel0                           text         000000
intlevel1                           text         000000
intlevel2                           text         000000
intlevel3                           text         000000
pulsPinDriver@i                     cstackCOMRAM 000007
pulsPinInit@i                       cstackBANK0  000066
start                               init         00008C
start_initialization                cinit        002274
timerDriver@i                       cstackBANK0  000063
uintToStr@i                         cstackBANK0  00006B
uintToStr@num                       cstackBANK0  000067
uintToStr@str                       cstackBANK0  000069
uintToStr@strLen                    cstackBANK0  00006A
